// Vitest Snapshot v1, https://vitest.dev/guide/snapshot.html

exports[`DailyPowerProfile > matches snapshot 1`] = `
<div>
  <div
    class="bg-white rounded-lg shadow-sm border border-gray-200 w-full"
    data-testid="daily-power-profile"
  >
    <div
      class="p-4 border-b border-gray-200"
    >
      <h2
        class="flex items-center gap-2 text-lg font-semibold"
      >
        <svg
          class="lucide lucide-zap w-5 h-5"
          fill="none"
          height="24"
          stroke="currentColor"
          stroke-linecap="round"
          stroke-linejoin="round"
          stroke-width="2"
          viewBox="0 0 24 24"
          width="24"
          xmlns="http://www.w3.org/2000/svg"
        >
          <path
            d="M4 14a1 1 0 0 1-.78-1.63l9.9-10.2a.5.5 0 0 1 .86.46l-1.92 6.02A1 1 0 0 0 13 10h7a1 1 0 0 1 .78 1.63l-9.9 10.2a.5.5 0 0 1-.86-.46l1.92-6.02A1 1 0 0 0 11 14z"
          />
        </svg>
         Daily Power Profile
      </h2>
    </div>
    <div
      class="p-4"
    >
      <div
        class="h-80"
      >
        <div
          class="recharts-responsive-container"
          style="width: 100%; height: 100%; min-width: 0;"
        />
      </div>
    </div>
  </div>
</div>
`;
